// Jest Snapshot v1, https://goo.gl/fbAQLP

exports[`GuestGreeting should display user greeting 1`] = `
<h1>
  Hi, stranger. Please Login
</h1>
`;
